// Jest Snapshot v1, https://goo.gl/fbAQLP

exports[`Pruebas en LoginScreen Debe de hacer match con el snapshot 1`] = `
<div
  className="container mt-5"
>
  <h1>
    Login
  </h1>
  <hr />
  <div
    className="d-flex justify-content-center"
  >
    <form
      className="col-12 col-sm-6"
      onSubmit={[Function]}
    >
      <div
        className="mb-3"
      >
        <label
          className="form-label"
          htmlFor="username"
        >
          Username
        </label>
        <input
          autoComplete="off"
          className="form-control"
          id="username"
          name="username"
          onChange={[Function]}
          placeholder="Your username here"
          type="text"
        />
      </div>
      <div
        className="d-grid gap-2"
      >
        <button
          className="btn btn-outline-dark"
          type="submit"
        >
          Login
        </button>
      </div>
    </form>
  </div>
</div>
`;
