// Jest Snapshot v1, https://goo.gl/fbAQLP

exports[`Pruebas en SearchScreen Debe de mostrar a batman y el input con el valor del queryString 1`] = `
Array [
  <h1>
    Search
  </h1>,
  <hr />,
  <div
    className="row"
  >
    <div
      className="col-4 d-flex flex-column"
    >
      <h4>
        Search Form
      </h4>
      <hr />
      <form
        onSubmit={[Function]}
      >
        <input
          autoComplete="off"
          className="form-control"
          name="searchText"
          onChange={[Function]}
          placeholder="Search a hero"
          type="text"
          value="batman"
        />
        <div
          className="d-grid gap-2"
        >
          <button
            className="btn btn-outline-dark mt-3"
            type="submit"
          >
            Search
          </button>
        </div>
      </form>
    </div>
    <div
      className="col-8 d-flex flex-column"
    >
      <h4>
        Results
      </h4>
      <hr />
      <a
        className="my-card animate__animated animate__fadeIn"
        href="/hero/dc-batman"
        onClick={[Function]}
      >
        <img
          alt="Batman"
          className="img img-responsive"
          src="./assets/dc-batman.jpg"
        />
        <div
          className="profile-name"
        >
          Batman
        </div>
        <div
          className="profile-position"
        >
          Bruce Wayne
        </div>
        <div
          className="profile-overview"
        >
          <div
            className="profile-overview"
          >
            <div
              className="row"
            >
              <div
                className="col-ms-4"
              >
                <h3>
                  DC Comics
                </h3>
                <p>
                  Primera aparici√≥n: 
                  <br />
                  Detective Comics #27
                </p>
              </div>
            </div>
          </div>
        </div>
      </a>
    </div>
  </div>,
]
`;

exports[`Pruebas en SearchScreen Debe de mostrarse correctamente con valores por defecto 1`] = `
Array [
  <h1>
    Search
  </h1>,
  <hr />,
  <div
    className="row"
  >
    <div
      className="col-4 d-flex flex-column"
    >
      <h4>
        Search Form
      </h4>
      <hr />
      <form
        onSubmit={[Function]}
      >
        <input
          autoComplete="off"
          className="form-control"
          name="searchText"
          onChange={[Function]}
          placeholder="Search a hero"
          type="text"
          value=""
        />
        <div
          className="d-grid gap-2"
        >
          <button
            className="btn btn-outline-dark mt-3"
            type="submit"
          >
            Search
          </button>
        </div>
      </form>
    </div>
    <div
      className="col-8 d-flex flex-column"
    >
      <h4>
        Results
      </h4>
      <hr />
      <div
        className="alert alert-dark"
      >
        Search a Hero in the form
      </div>
    </div>
  </div>,
]
`;
